// Jest Snapshot v1, https://goo.gl/fbAQLP

exports[`TopicInput renders correctly 1`] = `
<div>
  <div
    class="MuiFormControl-root MuiTextField-root MuiFormControl-fullWidth"
  >
    <label
      class="MuiFormLabel-root MuiInputLabel-root MuiInputLabel-formControl MuiInputLabel-animated MuiInputLabel-shrink MuiInputLabel-outlined MuiFormLabel-filled Mui-required Mui-required"
      data-shrink="true"
      for="topic"
      id="topic-label"
    >
      Thema / Frage
      <span
        class="MuiFormLabel-asterisk MuiInputLabel-asterisk"
      >
         
        *
      </span>
    </label>
    <div
      class="MuiInputBase-root MuiOutlinedInput-root MuiInputBase-fullWidth MuiInputBase-formControl"
    >
      <input
        aria-invalid="false"
        class="MuiInputBase-input MuiOutlinedInput-input"
        id="topic"
        required=""
        type="text"
        value="Banana"
      />
      <fieldset
        aria-hidden="true"
        class="PrivateNotchedOutline-root-59 MuiOutlinedInput-notchedOutline"
      >
        <legend
          class="PrivateNotchedOutline-legendLabelled-61 PrivateNotchedOutline-legendNotched-62"
        >
          <span>
            Thema / Frage
             *
          </span>
        </legend>
      </fieldset>
    </div>
  </div>
</div>
`;
